
> gowaycations@0.1.0 dev
> next dev --hostname 127.0.0.1 --port 3001

   ▲ Next.js 15.5.22
   - Local:        http://127.0.0.1:3001
   - Network:      http://127.0.0.1:3001

 ✓ Starting...
 ✓ Ready in 2.5s
 ○ Compiling / ...
 ✓ Compiled / in 2.9s (1355 modules)
 GET / 200 in 3510ms
 GET / 200 in 235ms
 GET / 200 in 192ms
 ○ Compiling /_not-found ...
 ✓ Compiled /_not-found in 887ms (529 modules)
 GET / 404 in 743ms
 GET / 404 in 26ms
 GET / 404 in 135ms
 ✓ Compiled in 420ms (529 modules)
 ○ Compiling / ...
 ✓ Compiled / in 1205ms (1346 modules)
 GET / 200 in 1395ms
 ✓ Compiled in 377ms (1360 modules)
 GET / 200 in 112ms
 ✓ Compiled in 542ms (1360 modules)
 GET / 200 in 87ms
 GET / 200 in 332ms
 GET / 200 in 147ms
